src/hooks/useBusinessConfig.ts(31,9): error TS2322: Type 'Promise<Record<string, string | number> | Record<string, number>>' is not assignable to type 'Promise<Record<string, number>>'.
  Type 'Record<string, string | number> | Record<string, number>' is not assignable to type 'Record<string, number>'.
    Type 'Record<string, string | number>' is not assignable to type 'Record<string, number>'.
      'string' index signatures are incompatible.
        Type 'string | number' is not assignable to type 'number'.
          Type 'string' is not assignable to type 'number'.
src/hooks/useBusinessConfig.ts(32,28): error TS2322: Type 'Record<string, string | number>' is not assignable to type 'Record<string, number>'.
  'string' index signatures are incompatible.
    Type 'string | number' is not assignable to type 'number'.
      Type 'string' is not assignable to type 'number'.
src/hooks/useBusinessConfig.ts(35,5): error TS2322: Type 'Record<string, number> | null' is not assignable to type 'Record<string, number>'.
  Type 'null' is not assignable to type 'Record<string, number>'.
src/pages/AdminFinancePage.tsx(412,108): error TS2339: Property 'createdAt' does not exist on type 'EnrichedPayment'.
