--- Testing Integrations ---
prisma:query SELECT "public"."integration_configs"."id", "public"."integration_configs"."provider", "public"."integration_configs"."enabled", "public"."integration_configs"."environment", "public"."integration_configs"."config", "public"."integration_configs"."webhook_url", "public"."integration_configs"."last_tested_at", "public"."integration_configs"."test_status", "public"."integration_configs"."test_message", "public"."integration_configs"."updated_at" FROM "public"."integration_configs" WHERE ("public"."integration_configs"."provider" = $1 AND 1=1) LIMIT $2 OFFSET $3
Cora Enabled: true
prisma:query SELECT "public"."integration_configs"."id", "public"."integration_configs"."provider", "public"."integration_configs"."enabled", "public"."integration_configs"."environment", "public"."integration_configs"."config", "public"."integration_configs"."webhook_url", "public"."integration_configs"."last_tested_at", "public"."integration_configs"."test_status", "public"."integration_configs"."test_message", "public"."integration_configs"."updated_at" FROM "public"."integration_configs" WHERE ("public"."integration_configs"."provider" = $1 AND 1=1) LIMIT $2 OFFSET $3
Stripe Enabled: true

Testing Stripe Connection...
prisma:query SELECT "public"."integration_configs"."id", "public"."integration_configs"."provider", "public"."integration_configs"."enabled", "public"."integration_configs"."environment", "public"."integration_configs"."config", "public"."integration_configs"."webhook_url", "public"."integration_configs"."last_tested_at", "public"."integration_configs"."test_status", "public"."integration_configs"."test_message", "public"."integration_configs"."updated_at" FROM "public"."integration_configs" WHERE ("public"."integration_configs"."provider" = $1 AND 1=1) LIMIT $2 OFFSET $3
Stripe Result: {
  success: false,
  message: 'Falha na conex├úo: Neither apiKey nor config.authenticator provided'
}

Testing Cora Connection...
prisma:query SELECT "public"."integration_configs"."id", "public"."integration_configs"."provider", "public"."integration_configs"."enabled", "public"."integration_configs"."environment", "public"."integration_configs"."config", "public"."integration_configs"."webhook_url", "public"."integration_configs"."last_tested_at", "public"."integration_configs"."test_status", "public"."integration_configs"."test_message", "public"."integration_configs"."updated_at" FROM "public"."integration_configs" WHERE ("public"."integration_configs"."provider" = $1 AND 1=1) LIMIT $2 OFFSET $3
Cora Result: {
  success: false,
  message: 'Falha na autentica├º├úo: error:04800066:PEM routines::bad end line'
}
